// Jest Snapshot v1, https://goo.gl/fbAQLP

exports[`TextField.tsx Should match snapshot 1`] = `
<input
  className="textfield null"
  type="text"
/>
`;
